first_capture who.gho.air-35
first_capture who.gho.air-35
first_capture who.gho.air-35
first_capture who.gho.air-35
first_capture who.gho.air-42
first_capture who.gho.air-42
first_capture who.gho.air-42
first_capture who.gho.air-42
first_capture who.gho.air-90
first_capture who.gho.air-90
first_capture who.gho.air-90
first_capture who.gho.air-90
first_capture who.gho.bp-03
first_capture who.gho.bp-03
first_capture who.gho.bp-03
first_capture who.gho.bp-03
first_capture who.gho.bp-03
first_capture who.gho.bp-03
first_capture who.gho.bp-03
first_capture who.gho.bp-03
first_capture who.gho.bp-03
first_capture who.gho.bp-03
first_capture who.gho.bp-03
first_capture who.gho.bp-03
first_capture who.gho.bp-03
first_capture who.gho.bp-03
first_capture who.gho.bp-03
first_capture who.gho.bp-03
first_capture who.gho.bp-03
first_capture who.gho.bp-03
first_capture who.gho.bp-03
first_capture who.gho.childmort5to14
first_capture who.gho.childmort5to14
first_capture who.gho.childmort5to14
first_capture who.gho.childmort5to14
first_capture who.gho.childmort5to14
first_capture who.gho.childmort5to14
first_capture who.gho.childmort5to14
first_capture who.gho.childmort5to14
first_capture who.gho.childmort5to14
first_capture who.gho.childmort5to14
first_capture who.gho.childmort5to14
first_capture who.gho.childmort5to14
first_capture who.gho.childmort5to14
first_capture who.gho.childmort5to14
first_capture who.gho.childmort5to14
first_capture who.gho.childmort5to14
first_capture who.gho.childmort5to14
first_capture who.gho.childmort5to14
first_capture who.gho.childmort5to14
first_capture who.gho.childmort5to14
first_capture who.gho.childmort5to14
first_capture who.gho.childmort5to14
first_capture who.gho.childmort5to14
first_capture who.gho.childmort5to14
first_capture who.gho.childmort5to14
first_capture who.gho.childmort5to14
first_capture who.gho.childmort5to14
first_capture who.gho.cm-02
first_capture who.gho.cm-02
first_capture who.gho.cm-02
first_capture who.gho.cm-02
first_capture who.gho.cm-02
first_capture who.gho.cm-02
first_capture who.gho.cm-02
first_capture who.gho.cm-02
first_capture who.gho.cm-02
first_capture who.gho.cm-02
first_capture who.gho.cm-02
first_capture who.gho.cm-02
first_capture who.gho.cm-02
first_capture who.gho.cm-02
first_capture who.gho.cm-02
first_capture who.gho.cm-02
first_capture who.gho.cm-02
first_capture who.gho.cm-02
first_capture who.gho.cm-02
first_capture who.gho.cm-02
first_capture who.gho.cm-02
first_capture who.gho.cm-02
first_capture who.gho.cm-02
first_capture who.gho.cm-02
first_capture who.gho.cm-02
first_capture who.gho.cm-02
first_capture who.gho.cm-02
first_capture who.gho.cm-02
first_capture who.gho.cm-02
first_capture who.gho.cm-02
first_capture who.gho.cm-02
first_capture who.gho.cm-02
first_capture who.gho.cm-02
first_capture who.gho.cm-02
first_capture who.gho.cm-02
first_capture who.gho.cm-02
first_capture who.gho.cm-02
first_capture who.gho.cm-02
first_capture who.gho.cm-02
first_capture who.gho.cm-02
first_capture who.gho.cm-02
first_capture who.gho.cm-02
first_capture who.gho.cm-02
first_capture who.gho.cm-02
first_capture who.gho.cm-04
first_capture who.gho.cm-04
first_capture who.gho.cm-04
first_capture who.gho.cm-04
first_capture who.gho.cm-04
first_capture who.gho.cm-04
first_capture who.gho.cm-04
first_capture who.gho.cm-04
first_capture who.gho.cm-04
first_capture who.gho.cm-04
first_capture who.gho.cm-04
first_capture who.gho.cm-04
first_capture who.gho.cm-04
first_capture who.gho.cm-04
first_capture who.gho.cm-04
first_capture who.gho.cm-04
first_capture who.gho.cm-04
first_capture who.gho.cm-04
first_capture who.gho.cm-04
first_capture who.gho.cm-04
first_capture who.gho.cm-04
first_capture who.gho.cm-04
first_capture who.gho.cm-04
first_capture who.gho.cm-04
first_capture who.gho.cm-04
first_capture who.gho.cm-04
first_capture who.gho.cm-04
first_capture who.gho.gasp-isolatestested-number
first_capture who.gho.gasp-isolatestested-number
first_capture who.gho.gasp-isolatestested-number
first_capture who.gho.ghed-extche-sha2011
first_capture who.gho.ghed-extche-sha2011
first_capture who.gho.ghed-extche-sha2011
first_capture who.gho.ghed-extche-sha2011
first_capture who.gho.ghed-extche-sha2011
first_capture who.gho.hepatitis-hbv-treatment-anc-percent
first_capture who.gho.hepatitis-hbv-treatment-perinfected-per100
first_capture who.gho.hepatitis-hcv-prevalence-per100
first_capture who.gho.hiv-0000000020
first_capture who.gho.hiv-0000000020
first_capture who.gho.hiv-0000000023
first_capture who.gho.hiv-0000000023
first_capture who.gho.hiv-0000000023
first_capture who.gho.hwf-0014
first_capture who.gho.hwf-0014
first_capture who.gho.hwf-0014
first_capture who.gho.hwf-0014
first_capture who.gho.hwf-0017
first_capture who.gho.malaria-est-cases
first_capture who.gho.malaria-est-cases
first_capture who.gho.malaria-est-cases
first_capture who.gho.malaria-imported
first_capture who.gho.malaria-total-cases
first_capture who.gho.malaria-total-cases
first_capture who.gho.mdg-0000000003
first_capture who.gho.mdg-0000000003
first_capture who.gho.mdg-0000000003
first_capture who.gho.mdg-0000000003
first_capture who.gho.mdg-0000000003
first_capture who.gho.mdg-0000000003
first_capture who.gho.mdg-0000000003
first_capture who.gho.mdg-0000000003
first_capture who.gho.mdg-0000000007
first_capture who.gho.mdg-0000000007
first_capture who.gho.mdg-0000000007
first_capture who.gho.mdg-0000000007
first_capture who.gho.mdg-0000000007
first_capture who.gho.mdg-0000000007
first_capture who.gho.mdg-0000000007
first_capture who.gho.mdg-0000000007
first_capture who.gho.mdg-0000000007
first_capture who.gho.mdg-0000000007
first_capture who.gho.mdg-0000000007
first_capture who.gho.mdg-0000000007
first_capture who.gho.mdg-0000000007
first_capture who.gho.mdg-0000000007
first_capture who.gho.mdg-0000000007
first_capture who.gho.mdg-0000000007
first_capture who.gho.mdg-0000000007
first_capture who.gho.mdg-0000000007
first_capture who.gho.mdg-0000000007
first_capture who.gho.mdg-0000000007
first_capture who.gho.mdg-0000000007
first_capture who.gho.mdg-0000000007
first_capture who.gho.mdg-0000000007
first_capture who.gho.mdg-0000000007
first_capture who.gho.mdg-0000000007
first_capture who.gho.mdg-0000000007
first_capture who.gho.mdg-0000000007
first_capture who.gho.mdg-0000000007
first_capture who.gho.mdg-0000000007
first_capture who.gho.mdg-0000000007
first_capture who.gho.mdg-0000000007
first_capture who.gho.mdg-0000000007
first_capture who.gho.mdg-0000000007
first_capture who.gho.mdg-0000000007
first_capture who.gho.mdg-0000000007
first_capture who.gho.mdg-0000000007
first_capture who.gho.mdg-0000000007
first_capture who.gho.mdg-0000000007
first_capture who.gho.mdg-0000000007
first_capture who.gho.mdg-0000000007
first_capture who.gho.mdg-0000000007
first_capture who.gho.mdg-0000000007
first_capture who.gho.mdg-0000000007
first_capture who.gho.mdg-0000000007
first_capture who.gho.mdg-0000000007
first_capture who.gho.mdg-0000000007
first_capture who.gho.mdg-0000000007
first_capture who.gho.mdg-0000000007
first_capture who.gho.mdg-0000000007
first_capture who.gho.mdg-0000000007
first_capture who.gho.mdg-0000000007
first_capture who.gho.mdg-0000000007
first_capture who.gho.mdg-0000000007
first_capture who.gho.mdg-0000000007
first_capture who.gho.mdg-0000000007
first_capture who.gho.mdg-0000000007
first_capture who.gho.mdg-0000000007
first_capture who.gho.mdg-0000000007
first_capture who.gho.mdg-0000000007
first_capture who.gho.mdg-0000000007
first_capture who.gho.mdg-0000000007
first_capture who.gho.mdg-0000000007
first_capture who.gho.mdg-0000000007
first_capture who.gho.mdg-0000000007
first_capture who.gho.mdg-0000000007
first_capture who.gho.mdg-0000000017
first_capture who.gho.mdg-0000000017
first_capture who.gho.mdg-0000000017
first_capture who.gho.mdg-0000000017
first_capture who.gho.mdg-0000000017
first_capture who.gho.mdg-0000000025
first_capture who.gho.mdg-0000000025
first_capture who.gho.mdg-0000000025
first_capture who.gho.ncd-bmi-18a
first_capture who.gho.ncd-bmi-18a
first_capture who.gho.ncd-bmi-18a
first_capture who.gho.ncd-bmi-18a
first_capture who.gho.ncd-bmi-18a
first_capture who.gho.ncd-bmi-18a
first_capture who.gho.ncd-bmi-18a
first_capture who.gho.ncd-bmi-18a
first_capture who.gho.ncd-bmi-18a
first_capture who.gho.ncd-bmi-18a
first_capture who.gho.ncd-bmi-18a
first_capture who.gho.ncd-bmi-18a
first_capture who.gho.ncd-bmi-18a
first_capture who.gho.ncd-bmi-18a
first_capture who.gho.ncd-bmi-18a
first_capture who.gho.ncd-bmi-18a
first_capture who.gho.ncd-bmi-18a
first_capture who.gho.ncd-bmi-18a
first_capture who.gho.ncd-bmi-18a
first_capture who.gho.ncd-bmi-18a
first_capture who.gho.ncd-bmi-18a
first_capture who.gho.ncd-bmi-18a
first_capture who.gho.ncd-bmi-18a
first_capture who.gho.ncd-bmi-18a
first_capture who.gho.ncd-bmi-18a
first_capture who.gho.ncd-bmi-18a
first_capture who.gho.ncd-bmi-18a
first_capture who.gho.ncd-bmi-18a
first_capture who.gho.ncd-bmi-18a
first_capture who.gho.ncd-hyp-diagnosis-a
first_capture who.gho.ncd-hyp-diagnosis-a
first_capture who.gho.ncd-hyp-diagnosis-a
first_capture who.gho.ncd-hyp-diagnosis-a
first_capture who.gho.ncd-hyp-diagnosis-a
first_capture who.gho.ncd-hyp-diagnosis-a
first_capture who.gho.ncd-hyp-diagnosis-a
first_capture who.gho.ncd-hyp-diagnosis-a
first_capture who.gho.ncd-hyp-diagnosis-a
first_capture who.gho.ncd-hyp-diagnosis-a
first_capture who.gho.ncd-hyp-diagnosis-a
first_capture who.gho.ncd-hyp-diagnosis-a
first_capture who.gho.ncd-hyp-diagnosis-a
first_capture who.gho.ncd-hyp-diagnosis-a
first_capture who.gho.ncd-hyp-diagnosis-a
first_capture who.gho.ncd-hyp-diagnosis-a
first_capture who.gho.ncd-hyp-diagnosis-a
first_capture who.gho.ncd-hyp-diagnosis-a
first_capture who.gho.ncd-hyp-diagnosis-a
first_capture who.gho.ncd-hyp-diagnosis-a
first_capture who.gho.ncd-hyp-treatment-a
first_capture who.gho.ncd-hyp-treatment-a
first_capture who.gho.ncd-hyp-treatment-a
first_capture who.gho.ncd-hyp-treatment-a
first_capture who.gho.ncd-hyp-treatment-a
first_capture who.gho.ncd-hyp-treatment-a
first_capture who.gho.ncd-hyp-treatment-a
first_capture who.gho.ncd-hyp-treatment-a
first_capture who.gho.ncd-hyp-treatment-a
first_capture who.gho.ncd-hyp-treatment-a
first_capture who.gho.ncd-hyp-treatment-a
first_capture who.gho.ncd-hyp-treatment-a
first_capture who.gho.ncd-hyp-treatment-a
first_capture who.gho.ncd-hyp-treatment-a
first_capture who.gho.ncd-hyp-treatment-a
first_capture who.gho.ncd-hyp-treatment-a
first_capture who.gho.ncd-hyp-treatment-a
first_capture who.gho.ncd-hyp-treatment-a
first_capture who.gho.ncd-hyp-treatment-a
first_capture who.gho.ncd-hyp-treatment-a
first_capture who.gho.ntd-7
first_capture who.gho.ntd-7
first_capture who.gho.ntd-bu-conf
first_capture who.gho.ntd-lepr3
first_capture who.gho.ntd-lepr3
first_capture who.gho.ntd-lepr3
first_capture who.gho.ntd-lepr8
first_capture who.gho.ntd-lepr8
first_capture who.gho.ntd-lepr8
first_capture who.gho.rhr-npsv
first_capture who.gho.sa-0000001518
first_capture who.gho.sa-0000001518
first_capture who.gho.sa-0000001531
first_capture who.gho.sa-0000001531
first_capture who.gho.sa-0000001544
first_capture who.gho.sa-0000001544
first_capture who.gho.sa-0000001728
first_capture who.gho.sa-0000001730
first_capture who.gho.sa-0000001730
first_capture who.gho.sa-0000001730
first_capture who.gho.taxbev-importduties
first_capture who.gho.taxbev-price
first_capture who.gho.taxbev-price
first_capture who.gho.taxbev-price
first_capture who.gho.taxbev-vatspecial-lohi
first_capture who.gho.tb-1
first_capture who.gho.tb-1
first_capture who.gho.tb-1
first_capture who.gho.tb-1
first_capture who.gho.tb-1
first_capture who.gho.tb-1
first_capture who.gho.tb-c-xdr-tsr
first_capture who.gho.tb-c-xdr-tsr
first_capture who.gho.tb-rr-mdr
first_capture who.gho.tb-rr-mdr
first_capture who.gho.tb-rr-mdr
first_capture who.gho.tb-rr-mdr
first_capture who.gho.tobacco-mpower-m4-prevalence
first_capture who.gho.tobacco-mpower-m4-prevalence
first_capture who.gho.tobacco-mpower-m4-prevalence
first_capture who.gho.tobacco-mpower-p2-smokefreeplacedetails
first_capture who.gho.tobacco-mpower-p2-smokefreeplacedetails
first_capture who.gho.tobacco-mpower-p2-smokefreeplacedetails
first_capture who.gho.tobacco-mpower-p2-smokefreeplacedetails
first_capture who.gho.tobacco-mpower-p2-smokefreeplacedetails
first_capture who.gho.tobacco-mpower-p2-smokefreeplacedetails
first_capture who.gho.tobacco-mpower-p2-smokefreeplacedetails
first_capture who.gho.tobacco-mpower-p2-smokefreeplacedetails
first_capture who.gho.tobacco-mpower-p2-smokefreeplacedetails
first_capture who.gho.tobacco-mpower-p2-smokefreeplacedetails
first_capture who.gho.tobacco-mpower-p2-smokefreeplacedetails
first_capture who.gho.tobacco-mpower-p2-smokefreeplacedetails
first_capture who.gho.tobacco-mpower-p2-smokefreeplacedetails
first_capture who.gho.tobacco-mpower-p2-smokefreeplacedetails
first_capture who.gho.vaccinecoverage-mena-c
first_capture who.gho.whs4-154
first_capture who.gho.whs4-154
first_capture who.gho.wsh-hygiene-basic
first_capture who.gho.wsh-hygiene-basic
first_capture who.gho.wsh-hygiene-basic
first_capture who.gho.wsh-hygiene-basic
first_capture who.gho.wsh-hygiene-basic
first_capture who.gho.wsh-hygiene-basic
first_capture who.gho.wsh-water-basic
first_capture who.gho.wsh-water-basic
first_capture who.gho.wsh-water-basic
first_capture who.gho.wsh-water-basic
first_capture who.gho.wsh-water-basic
first_capture who.gho.wsh-water-basic
first_capture who.gho.wsh-water-basic
first_capture who.gho.wsh-water-basic
first_capture who.gho.wsh-water-basic
first_capture who.gho.wsh-water-basic
first_capture who.gho.wsh-water-basic
first_capture who.gho.wsh-water-basic
first_capture who.gho.wsh-water-basic
first_capture who.gho.wsh-water-basic
first_capture who.gho.wsh-water-basic
shard 1/1 [monthly]: 48 source(s) — first_capture=384
